/opt/homebrew/Caskroom/miniforge/base/envs/ai_sec/lib/python3.11/site-packages/requests/__init__.py:113: RequestsDependencyWarning: urllib3 (2.5.0) or chardet (7.4.3)/charset_normalizer (3.4.4) doesn't match a supported version!
  warnings.warn(
2026-07-28 20:10:37.061 | INFO     | __main__:<module>:29 - Loaded 45000 train, 5000 val samples
2026-07-28 20:10:37.061 | INFO     | __main__:<module>:31 - Loading model from /Users/mnijonshuti/smart-match/app/models/ocr/fine_tuned_trocr
Using a slow image processor as `use_fast` is unset and a slow processor was saved with this model. `use_fast=True` will be the default behavior in v4.52, even if the model was saved with a slow processor. This will result in minor differences in outputs. You'll still be able to use a slow processor with `use_fast=False`.
Traceback (most recent call last):
  File "/Users/mnijonshuti/smart-match/scripts/train_continue.py", line 32, in <module>
    processor = TrOCRProcessor.from_pretrained(str(MODEL_DIR))
                ^^^^^^^^^^^^^^^^^^^^^^^^^^^^^^^^^^^^^^^^^^^^^^
  File "/opt/homebrew/Caskroom/miniforge/base/envs/ai_sec/lib/python3.11/site-packages/transformers/processing_utils.py", line 1308, in from_pretrained
    return cls.from_args_and_dict(args, processor_dict, **kwargs)
           ^^^^^^^^^^^^^^^^^^^^^^^^^^^^^^^^^^^^^^^^^^^^^^^^^^^^^^
  File "/opt/homebrew/Caskroom/miniforge/base/envs/ai_sec/lib/python3.11/site-packages/transformers/processing_utils.py", line 1109, in from_args_and_dict
    processor = cls(*args, **valid_kwargs)
                ^^^^^^^^^^^^^^^^^^^^^^^^^^
  File "/opt/homebrew/Caskroom/miniforge/base/envs/ai_sec/lib/python3.11/site-packages/transformers/models/trocr/processing_trocr.py", line 68, in __init__
    super().__init__(image_processor, tokenizer)
  File "/opt/homebrew/Caskroom/miniforge/base/envs/ai_sec/lib/python3.11/site-packages/transformers/processing_utils.py", line 551, in __init__
    self.check_argument_for_proper_class(attribute_name, arg)
  File "/opt/homebrew/Caskroom/miniforge/base/envs/ai_sec/lib/python3.11/site-packages/transformers/processing_utils.py", line 569, in check_argument_for_proper_class
    raise TypeError(
TypeError: Received a dict for argument image_processor, but a ImageProcessingMixin was expected.
