/opt/homebrew/Caskroom/miniforge/base/envs/ai_sec/lib/python3.11/site-packages/requests/__init__.py:113: RequestsDependencyWarning: urllib3 (2.5.0) or chardet (7.4.3)/charset_normalizer (3.4.4) doesn't match a supported version!
  warnings.warn(
2026-07-28 21:05:25.058 | INFO     | __main__:train:86 - Loading data from /Users/mnijonshuti/smart-match/finetune_data
2026-07-28 21:05:25.120 | INFO     | __main__:train:94 - Train: 5000, Val: 500
2026-07-28 21:05:25.138 | INFO     | __main__:train:98 - Loading taiga75/ru-trocr-1700s on mps
Using a slow image processor as `use_fast` is unset and a slow processor was saved with this model. `use_fast=True` will be the default behavior in v4.52, even if the model was saved with a slow processor. This will result in minor differences in outputs. You'll still be able to use a slow processor with `use_fast=False`.
Traceback (most recent call last):
  File "/Users/mnijonshuti/smart-match/scripts/train_trocr_light.py", line 208, in <module>
    train(p.parse_args())
  File "/Users/mnijonshuti/smart-match/scripts/train_trocr_light.py", line 101, in train
    model = VisionEncoderDecoderModel.from_pretrained(MODEL_NAME).to(device)
            ^^^^^^^^^^^^^^^^^^^^^^^^^^^^^^^^^^^^^^^^^^^^^^^^^^^^^^^^^^^^^^^^
  File "/opt/homebrew/Caskroom/miniforge/base/envs/ai_sec/lib/python3.11/site-packages/transformers/modeling_utils.py", line 4110, in to
    return super().to(*args, **kwargs)
           ^^^^^^^^^^^^^^^^^^^^^^^^^^^
  File "/opt/homebrew/Caskroom/miniforge/base/envs/ai_sec/lib/python3.11/site-packages/torch/nn/modules/module.py", line 1355, in to
    return self._apply(convert)
           ^^^^^^^^^^^^^^^^^^^^
  File "/opt/homebrew/Caskroom/miniforge/base/envs/ai_sec/lib/python3.11/site-packages/torch/nn/modules/module.py", line 915, in _apply
    module._apply(fn)
  File "/opt/homebrew/Caskroom/miniforge/base/envs/ai_sec/lib/python3.11/site-packages/torch/nn/modules/module.py", line 915, in _apply
    module._apply(fn)
  File "/opt/homebrew/Caskroom/miniforge/base/envs/ai_sec/lib/python3.11/site-packages/torch/nn/modules/module.py", line 915, in _apply
    module._apply(fn)
  [Previous line repeated 4 more times]
  File "/opt/homebrew/Caskroom/miniforge/base/envs/ai_sec/lib/python3.11/site-packages/torch/nn/modules/module.py", line 942, in _apply
    param_applied = fn(param)
                    ^^^^^^^^^
  File "/opt/homebrew/Caskroom/miniforge/base/envs/ai_sec/lib/python3.11/site-packages/torch/nn/modules/module.py", line 1341, in convert
    return t.to(
           ^^^^^
KeyboardInterrupt
